/*C12*/SET SCHEMA PUBLIC
alter table products drop constraint UKab8w03b50tr7x4n312gsxj9em
alter table products add constraint UKab8w03b50tr7x4n312gsxj9em unique (label, serial_number)
DELETE FROM CATEGORIES WHERE ID=1
COMMIT
DELETE FROM PROVIDERS WHERE ID=1
COMMIT
DISCONNECT
/*C13*/SET SCHEMA PUBLIC
DISCONNECT
/*C14*/SET SCHEMA PUBLIC
DISCONNECT
/*C15*/SET SCHEMA PUBLIC
DISCONNECT
/*C16*/SET SCHEMA PUBLIC
DISCONNECT
/*C17*/SET SCHEMA PUBLIC
DISCONNECT
/*C18*/SET SCHEMA PUBLIC
DISCONNECT
/*C19*/SET SCHEMA PUBLIC
DISCONNECT
/*C20*/SET SCHEMA PUBLIC
DISCONNECT
/*C21*/SET SCHEMA PUBLIC
DISCONNECT
